Lmod Warning:
-------------------------------------------------------------------------------
The following dependent module(s) are not currently loaded:
Eigen/3.3.9-GCCcore-10.2.0 (required by: R/4.2.0-foss-2020b)
-------------------------------------------------------------------------------



Loading required package: StanHeaders
Loading required package: ggplot2
rstan (Version 2.21.5, GitRev: 2e1f913d3ca3)
For execution on a local, multicore CPU with excess RAM we recommend calling
options(mc.cores = parallel::detectCores()).
To avoid recompilation of unchanged Stan programs, we recommend calling
rstan_options(auto_write = TRUE)
This is loo version 2.5.1
- Online documentation and vignettes at mc-stan.org/loo
- As of v2.0.0 loo defaults to 1 core but we recommend using as many as possible. Use the 'cores' argument or set options(mc.cores = NUM_CORES) for an entire session. 

Attaching package: ‘loo’

The following object is masked from ‘package:rstan’:

    loo

Fitting model: 2-Joint-SVR-H 
Dataset:       2 
Model type:    SVR (Luce) 
Ambiguity:     no (4 latent dims) 
Stan file:     Joint-SVR-H-coppula.stan 
RDM data file: 2-RDM.json 
DD data file:  2-DD.json 
RDM data loaded: 4889 trials, 43 subjects
DD data loaded:  7969 trials, 43 subjects

Starting sampling...

SAMPLING FOR MODEL 'Joint-SVR-H-coppula' NOW (CHAIN 1).

SAMPLING FOR MODEL 'Joint-SVR-H-coppula' NOW (CHAIN 2).

SAMPLING FOR MODEL 'Joint-SVR-H-coppula' NOW (CHAIN 3).

SAMPLING FOR MODEL 'Joint-SVR-H-coppula' NOW (CHAIN 4).
Chain 2: 
Chain 2: Gradient evaluation took 0.007411 seconds
Chain 2: 1000 transitions using 10 leapfrog steps per transition would take 74.11 seconds.
Chain 2: Adjust your expectations accordingly!
Chain 2: 
Chain 2: 
Chain 4: 
Chain 4: Gradient evaluation took 0.007336 seconds
Chain 4: 1000 transitions using 10 leapfrog steps per transition would take 73.36 seconds.
Chain 4: Adjust your expectations accordingly!
Chain 4: 
Chain 4: 
Chain 1: 
Chain 1: Gradient evaluation took 0.007272 seconds
Chain 1: 1000 transitions using 10 leapfrog steps per transition would take 72.72 seconds.
Chain 1: Adjust your expectations accordingly!
Chain 1: 
Chain 1: 
Chain 3: 
Chain 3: Gradient evaluation took 0.007304 seconds
Chain 3: 1000 transitions using 10 leapfrog steps per transition would take 73.04 seconds.
Chain 3: Adjust your expectations accordingly!
Chain 3: 
Chain 3: 
Chain 2: Iteration:     1 / 11000 [  0%]  (Warmup)
Chain 4: Iteration:     1 / 11000 [  0%]  (Warmup)
Chain 1: Iteration:     1 / 11000 [  0%]  (Warmup)
Chain 3: Iteration:     1 / 11000 [  0%]  (Warmup)
Chain 1: Iteration:  1001 / 11000 [  9%]  (Sampling)
Chain 3: Iteration:  1001 / 11000 [  9%]  (Sampling)
Chain 2: Iteration:  1001 / 11000 [  9%]  (Sampling)
Chain 4: Iteration:  1001 / 11000 [  9%]  (Sampling)
Chain 3: Iteration:  2100 / 11000 [ 19%]  (Sampling)
Chain 2: Iteration:  2100 / 11000 [ 19%]  (Sampling)
Chain 1: Iteration:  2100 / 11000 [ 19%]  (Sampling)
Chain 4: Iteration:  2100 / 11000 [ 19%]  (Sampling)
Chain 3: Iteration:  3200 / 11000 [ 29%]  (Sampling)
Chain 2: Iteration:  3200 / 11000 [ 29%]  (Sampling)
Chain 1: Iteration:  3200 / 11000 [ 29%]  (Sampling)
Chain 4: Iteration:  3200 / 11000 [ 29%]  (Sampling)
Chain 3: Iteration:  4300 / 11000 [ 39%]  (Sampling)
Chain 2: Iteration:  4300 / 11000 [ 39%]  (Sampling)
Chain 4: Iteration:  4300 / 11000 [ 39%]  (Sampling)
Chain 1: Iteration:  4300 / 11000 [ 39%]  (Sampling)
Chain 3: Iteration:  5400 / 11000 [ 49%]  (Sampling)
Chain 2: Iteration:  5400 / 11000 [ 49%]  (Sampling)
Chain 4: Iteration:  5400 / 11000 [ 49%]  (Sampling)
Chain 1: Iteration:  5400 / 11000 [ 49%]  (Sampling)
Chain 3: Iteration:  6500 / 11000 [ 59%]  (Sampling)
Chain 2: Iteration:  6500 / 11000 [ 59%]  (Sampling)
Chain 4: Iteration:  6500 / 11000 [ 59%]  (Sampling)
Chain 1: Iteration:  6500 / 11000 [ 59%]  (Sampling)
Chain 3: Iteration:  7600 / 11000 [ 69%]  (Sampling)
Chain 2: Iteration:  7600 / 11000 [ 69%]  (Sampling)
Chain 4: Iteration:  7600 / 11000 [ 69%]  (Sampling)
Chain 1: Iteration:  7600 / 11000 [ 69%]  (Sampling)
Chain 3: Iteration:  8700 / 11000 [ 79%]  (Sampling)
Chain 2: Iteration:  8700 / 11000 [ 79%]  (Sampling)
Chain 4: Iteration:  8700 / 11000 [ 79%]  (Sampling)
Chain 1: Iteration:  8700 / 11000 [ 79%]  (Sampling)
Chain 3: Iteration:  9800 / 11000 [ 89%]  (Sampling)
Chain 2: Iteration:  9800 / 11000 [ 89%]  (Sampling)
Chain 4: Iteration:  9800 / 11000 [ 89%]  (Sampling)
Chain 1: Iteration:  9800 / 11000 [ 89%]  (Sampling)
Chain 3: Iteration: 10900 / 11000 [ 99%]  (Sampling)
Chain 3: Iteration: 11000 / 11000 [100%]  (Sampling)
Chain 3: 
Chain 3:  Elapsed Time: 795.756 seconds (Warm-up)
Chain 3:                5977.35 seconds (Sampling)
Chain 3:                6773.11 seconds (Total)
Chain 3: 
Chain 2: Iteration: 10900 / 11000 [ 99%]  (Sampling)
Chain 2: Iteration: 11000 / 11000 [100%]  (Sampling)
Chain 2: 
Chain 2:  Elapsed Time: 808.289 seconds (Warm-up)
Chain 2:                6027.81 seconds (Sampling)
Chain 2:                6836.1 seconds (Total)
Chain 2: 
Chain 4: Iteration: 10900 / 11000 [ 99%]  (Sampling)
Chain 4: Iteration: 11000 / 11000 [100%]  (Sampling)
Chain 4: 
Chain 4:  Elapsed Time: 832.119 seconds (Warm-up)
Chain 4:                6090.26 seconds (Sampling)
Chain 4:                6922.38 seconds (Total)
Chain 4: 
Chain 1: Iteration: 10900 / 11000 [ 99%]  (Sampling)
Chain 1: Iteration: 11000 / 11000 [100%]  (Sampling)
Chain 1: 
Chain 1:  Elapsed Time: 785.545 seconds (Warm-up)
Chain 1:                6374.32 seconds (Sampling)
Chain 1:                7159.86 seconds (Total)
Chain 1: 
Warning message:
In readLines(file, warn = TRUE) :
  incomplete final line found on '/gpfs/milgram/home/ceh87/SCI/Stan coppula/Joint-SVR-H-coppula.stan'

=== Summary ===
                mean      se_mean         sd        2.5%        25%        50%
pop_mu[1] -0.4468086 0.0019941287 0.09963387 -0.64404230 -0.5122710 -0.4454522
pop_mu[2] -1.5425748 0.0010264529 0.08117100 -1.70302354 -1.5961650 -1.5419262
pop_mu[3] -3.4044130 0.0048493294 0.33017047 -4.04048811 -3.6271625 -3.4072462
pop_mu[4] -1.0577168 0.0016768730 0.12394569 -1.29873840 -1.1409561 -1.0583214
tau[1]     0.6398073 0.0008519624 0.07573857  0.51006209  0.5868495  0.6330678
tau[2]     0.4714114 0.0006484194 0.07762629  0.33789043  0.4167222  0.4644185
tau[3]     2.1982822 0.0029852378 0.28691374  1.71362308  1.9941673  2.1700457
tau[4]     0.8052396 0.0009473099 0.09496576  0.63961280  0.7387042  0.7982582
rho_noise  0.2578927 0.0017445028 0.14675782 -0.04366592  0.1606655  0.2632800
                 75%      97.5%     n_eff     Rhat
pop_mu[1] -0.3813654 -0.2523975  2496.362 1.000760
pop_mu[2] -1.4884405 -1.3841295  6253.509 1.000279
pop_mu[3] -3.1873083 -2.7389609  4635.676 1.000702
pop_mu[4] -0.9754841 -0.8106410  5463.394 1.000409
tau[1]     0.6859459  0.8046828  7903.026 1.000515
tau[2]     0.5203039  0.6411030 14331.963 1.000129
tau[3]     2.3709996  2.8383004  9237.295 1.000298
tau[4]     0.8644804  1.0115355 10049.627 1.000145
rho_noise  0.3617226  0.5268648  7077.163 1.000422

=== Cross-task noise correlation ===
               mean     se_mean        sd        2.5%       25%     50%
rho_noise 0.2578927 0.001744503 0.1467578 -0.04366592 0.1606655 0.26328
                75%     97.5%    n_eff     Rhat
rho_noise 0.3617226 0.5268648 7077.163 1.000422
Summary saved.
Divergent transitions: 0 
             used   (Mb) gc trigger    (Mb)   max used    (Mb)
Ncells    2113642  112.9    4310455   230.3    4310455   230.3
Vcells 1163684442 8878.3 4144137964 31617.3 5180171111 39521.6
             used   (Mb) gc trigger    (Mb)   max used    (Mb)
Ncells    2123439  113.5    4310455   230.3    4310455   230.3
Vcells 1163458235 8876.5 3315310372 25293.9 5180171111 39521.6
             used   (Mb) gc trigger    (Mb)   max used    (Mb)
Ncells    2139279  114.3    4310455   230.3    4310455   230.3
Vcells 1163458198 8876.5 3315310372 25293.9 5180171111 39521.6
y_pred saved.
             used   (Mb) gc trigger    (Mb)   max used    (Mb)
Ncells    2139267  114.3    4310455   230.3    4310455   230.3
Vcells 1163458194 8876.5 3315310372 25293.9 5180171111 39521.6
             used   (Mb) gc trigger    (Mb)   max used    (Mb)
Ncells    2139273  114.3    4310455   230.3    4310455   230.3
Vcells 1163458200 8876.5 3315310372 25293.9 5180171111 39521.6
             used   (Mb) gc trigger    (Mb)   max used    (Mb)
Ncells    2139273  114.3    4310455   230.3    4310455   230.3
Vcells 1163458200 8876.5 3315310372 25293.9 5180171111 39521.6
Posterior saved.
Warning messages:
1: Relative effective sample sizes ('r_eff' argument) not specified.
For models fit with MCMC, the reported PSIS effective sample sizes and 
MCSE estimates will be over-optimistic. 
2: Some Pareto k diagnostic values are slightly high. See help('pareto-k-diagnostic') for details.
 
Warning message:

15 (0.3%) p_waic estimates greater than 0.4. We recommend trying loo instead. 
LOO/WAIC RDM saved.

Computed from 40000 by 4889 log-likelihood matrix

         Estimate   SE
elpd_loo  -1465.5 38.3
p_loo        70.1  3.8
looic      2931.0 76.5
------
Monte Carlo SE of elpd_loo is 0.1.

Pareto k diagnostic values:
                         Count Pct.    Min. n_eff
(-Inf, 0.5]   (good)     4863  99.5%   10949     
 (0.5, 0.7]   (ok)         26   0.5%   1821      
   (0.7, 1]   (bad)         0   0.0%   <NA>      
   (1, Inf)   (very bad)    0   0.0%   <NA>      

All Pareto k estimates are ok (k < 0.7).
See help('pareto-k-diagnostic') for details.
             used   (Mb) gc trigger    (Mb)   max used    (Mb)
Ncells    2144607  114.6    4310455   230.3    4310455   230.3
Vcells 1163470233 8876.6 3510270199 26781.3 5180171111 39521.6
             used   (Mb) gc trigger    (Mb)   max used    (Mb)
Ncells    2144608  114.6    4310455   230.3    4310455   230.3
Vcells 1163470252 8876.6 3510270199 26781.3 5180171111 39521.6
Warning messages:
1: Relative effective sample sizes ('r_eff' argument) not specified.
For models fit with MCMC, the reported PSIS effective sample sizes and 
MCSE estimates will be over-optimistic. 
2: Some Pareto k diagnostic values are too high. See help('pareto-k-diagnostic') for details.
 
Warning message:

5 (0.1%) p_waic estimates greater than 0.4. We recommend trying loo instead. 
LOO/WAIC DD saved.

Computed from 40000 by 7969 log-likelihood matrix

         Estimate   SE
elpd_loo  -2472.3 49.6
p_loo        75.1  5.4
looic      4944.6 99.1
------
Monte Carlo SE of elpd_loo is NA.

Pareto k diagnostic values:
                         Count Pct.    Min. n_eff
(-Inf, 0.5]   (good)     7832  98.3%   7151      
 (0.5, 0.7]   (ok)         64   0.8%   40000     
   (0.7, 1]   (bad)        36   0.5%   40000     
   (1, Inf)   (very bad)   37   0.5%   27        
See help('pareto-k-diagnostic') for details.
             used   (Mb) gc trigger    (Mb)   max used    (Mb)
Ncells    2144619  114.6    4310455   230.3    4310455   230.3
Vcells 1163470237 8876.6 4043972068 30853.1 5180171111 39521.6
             used   (Mb) gc trigger    (Mb)   max used    (Mb)
Ncells    2144620  114.6    4310455   230.3    4310455   230.3
Vcells 1163470256 8876.6 3235177655 24682.5 5180171111 39521.6
          used  (Mb) gc trigger    (Mb)   max used    (Mb)
Ncells 1873256 100.1    4310455   230.3    4310455   230.3
Vcells 4197405  32.1 2588142124 19746.0 5180171111 39521.6
LOO/WAIC combined saved.
  elpd_loo combined: -3937.8 (SE 62.6)
  looic    combined: 7875.6

=== Done: 2-Joint-SVR-H ===
